#-----------------------------------------------------------
# Vivado Lab Edition v2019.2 (64-bit)
# SW Build 2708876 on Wed Nov  6 21:39:14 MST 2019
# 
# Start of session at: Mon Sep 25 16:18:11 2023
# Process ID: 24136
# Current directory: /home/muonuser/gitfolder/phase2_MiniDAQ_Robert
# Command line: vivado_lab
# Log file: /home/muonuser/gitfolder/phase2_MiniDAQ_Robert/vivado_lab.log
# Journal file: /home/muonuser/gitfolder/phase2_MiniDAQ_Robert/vivado_lab.jou
#-----------------------------------------------------------
start_gui
open_hw_manager
connect_hw_server -url localhost:3121 -allow_non_jtag
current_hw_target [get_hw_targets */xilinx_tcf/Digilent/210299A573C5]
disconnect_hw_server localhost:3121
connect_hw_server -url localhost:3121 -allow_non_jtag
current_hw_target [get_hw_targets */xilinx_tcf/Xilinx/00000000000000]
set_property PARAM.FREQUENCY 1500000 [get_hw_targets */xilinx_tcf/Xilinx/00000000000000]
open_hw_target
current_hw_device [get_hw_devices xcku035_0]
refresh_hw_device -update_hw_probes false [lindex [get_hw_devices xcku035_0] 0]
set_property PROBES.FILE {/home/muonuser/gitfolder/phase2_MiniDAQ_Robert/firmware/lpgbtfpga_xcku035_10g24_top.ltx} [get_hw_devices xcku035_0]
set_property FULL_PROBES.FILE {/home/muonuser/gitfolder/phase2_MiniDAQ_Robert/firmware/lpgbtfpga_xcku035_10g24_top.ltx} [get_hw_devices xcku035_0]
refresh_hw_device [lindex [get_hw_devices xcku035_0] 0]
display_hw_ila_data [ get_hw_ila_data hw_ila_data_1 -of_objects [get_hw_ilas -of_objects [get_hw_devices xcku035_0] -filter {CELL_NAME=~"gbtsc_inst/ic_inst/rx_inst/ila_ic_rx_inst"}]]
display_hw_ila_data [ get_hw_ila_data hw_ila_data_2 -of_objects [get_hw_ilas -of_objects [get_hw_devices xcku035_0] -filter {CELL_NAME=~"gbtsc_inst/ic_inst/tx_inst/ila_ic_tx_inst"}]]
display_hw_ila_data [ get_hw_ila_data hw_ila_data_3 -of_objects [get_hw_ilas -of_objects [get_hw_devices xcku035_0] -filter {CELL_NAME=~"tdc_decoder_top_inst/inst_event_builder_triggerless/ila_event_builder_inst"}]]
display_hw_ila_data [ get_hw_ila_data hw_ila_data_4 -of_objects [get_hw_ilas -of_objects [get_hw_devices xcku035_0] -filter {CELL_NAME=~"tdc_decoder_top_inst/inst_event_builder_triggermode/ila_event_builder_triggermode_inst"}]]
display_hw_ila_data [ get_hw_ila_data hw_ila_data_5 -of_objects [get_hw_ilas -of_objects [get_hw_devices xcku035_0] -filter {CELL_NAME=~"tdc_decoder_top_inst/inst_trigger_interface/ila_trigger_interface_inst"}]]
display_hw_ila_data [ get_hw_ila_data hw_ila_data_6 -of_objects [get_hw_ilas -of_objects [get_hw_devices xcku035_0] -filter {CELL_NAME=~"tdc_decoder_top_inst/tdcv2_decoder_wrapper_master/tdcv2_decoder[0].inst_tdcv2_decoder/channel_align_32b_trigger_inst/ila_channel_align_trigger_inst"}]]
display_hw_ila_data [ get_hw_ila_data hw_ila_data_7 -of_objects [get_hw_ilas -of_objects [get_hw_devices xcku035_0] -filter {CELL_NAME=~"tdc_decoder_top_inst/tdcv2_decoder_wrapper_master/tdcv2_decoder[0].inst_tdcv2_decoder/trigger_matching_inst/ila_ram_inst"}]]
display_hw_ila_data [ get_hw_ila_data hw_ila_data_8 -of_objects [get_hw_ilas -of_objects [get_hw_devices xcku035_0] -filter {CELL_NAME=~"tdc_decoder_top_inst/tdcv2_decoder_wrapper_master/tdcv2_decoder[1].inst_tdcv2_decoder/channel_align_32b_trigger_inst/ila_channel_align_trigger_inst"}]]
display_hw_ila_data [ get_hw_ila_data hw_ila_data_9 -of_objects [get_hw_ilas -of_objects [get_hw_devices xcku035_0] -filter {CELL_NAME=~"tdc_decoder_top_inst/tdcv2_decoder_wrapper_master/tdcv2_decoder[1].inst_tdcv2_decoder/trigger_matching_inst/ila_ram_inst"}]]
display_hw_ila_data [ get_hw_ila_data hw_ila_data_10 -of_objects [get_hw_ilas -of_objects [get_hw_devices xcku035_0] -filter {CELL_NAME=~"tdc_decoder_top_inst/tdcv2_decoder_wrapper_master/tdcv2_decoder[2].inst_tdcv2_decoder/channel_align_32b_trigger_inst/ila_channel_align_trigger_inst"}]]
display_hw_ila_data [ get_hw_ila_data hw_ila_data_11 -of_objects [get_hw_ilas -of_objects [get_hw_devices xcku035_0] -filter {CELL_NAME=~"tdc_decoder_top_inst/tdcv2_decoder_wrapper_master/tdcv2_decoder[2].inst_tdcv2_decoder/trigger_matching_inst/ila_ram_inst"}]]
display_hw_ila_data [ get_hw_ila_data hw_ila_data_12 -of_objects [get_hw_ilas -of_objects [get_hw_devices xcku035_0] -filter {CELL_NAME=~"tdc_decoder_top_inst/tdcv2_decoder_wrapper_master/tdcv2_decoder[3].inst_tdcv2_decoder/channel_align_32b_trigger_inst/ila_channel_align_trigger_inst"}]]
display_hw_ila_data [ get_hw_ila_data hw_ila_data_13 -of_objects [get_hw_ilas -of_objects [get_hw_devices xcku035_0] -filter {CELL_NAME=~"tdc_decoder_top_inst/tdcv2_decoder_wrapper_master/tdcv2_decoder[3].inst_tdcv2_decoder/trigger_matching_inst/ila_ram_inst"}]]
set_property NAME.SELECT short [get_hw_probes tdc_decoder_top_inst/match_window -of_objects [get_hw_vios -of_objects [get_hw_devices xcku035_0] -filter {CELL_NAME=~"tdc_decoder_top_inst/vio_trigger_inst"}]] 
set_property NAME.SELECT short [get_hw_probes tdc_decoder_top_inst/bc_offset -of_objects [get_hw_vios -of_objects [get_hw_devices xcku035_0] -filter {CELL_NAME=~"tdc_decoder_top_inst/vio_trigger_inst"}]] 
set_property NAME.SELECT short [get_hw_probes tdc_decoder_top_inst/enable_matching -of_objects [get_hw_vios -of_objects [get_hw_devices xcku035_0] -filter {CELL_NAME=~"tdc_decoder_top_inst/vio_trigger_inst"}]] 
set_property NAME.SELECT short [get_hw_probes tdc_decoder_top_inst/event_reset -of_objects [get_hw_vios -of_objects [get_hw_devices xcku035_0] -filter {CELL_NAME=~"tdc_decoder_top_inst/vio_trigger_inst"}]] 
set_property NAME.SELECT short [get_hw_probes tdc_decoder_top_inst/rollover -of_objects [get_hw_vios -of_objects [get_hw_devices xcku035_0] -filter {CELL_NAME=~"tdc_decoder_top_inst/vio_trigger_inst"}]] 
set_property NAME.SELECT short [get_hw_probes tdc_decoder_top_inst/search_margin -of_objects [get_hw_vios -of_objects [get_hw_devices xcku035_0] -filter {CELL_NAME=~"tdc_decoder_top_inst/vio_trigger_inst"}]] 
set_property NAME.SELECT short [get_hw_probes tdc_decoder_top_inst/trigger_redge -of_objects [get_hw_vios -of_objects [get_hw_devices xcku035_0] -filter {CELL_NAME=~"tdc_decoder_top_inst/vio_trigger_inst"}]] 
set_property NAME.SELECT short [get_hw_probes tdc_decoder_top_inst/coarse_count_offset -of_objects [get_hw_vios -of_objects [get_hw_devices xcku035_0] -filter {CELL_NAME=~"tdc_decoder_top_inst/vio_trigger_inst"}]] 
set_property NAME.SELECT short [get_hw_probes tdc_decoder_top_inst/enable_relative_trigger_data -of_objects [get_hw_vios -of_objects [get_hw_devices xcku035_0] -filter {CELL_NAME=~"tdc_decoder_top_inst/vio_trigger_inst"}]] 
set_property NAME.SELECT short [get_hw_probes tdc_decoder_top_inst/reject_offset -of_objects [get_hw_vios -of_objects [get_hw_devices xcku035_0] -filter {CELL_NAME=~"tdc_decoder_top_inst/vio_trigger_inst"}]] 
set_property NAME.SELECT short [get_hw_probes tdc_decoder_top_inst/rst_160_vio -of_objects [get_hw_vios -of_objects [get_hw_devices xcku035_0] -filter {CELL_NAME=~"tdc_decoder_top_inst/vio_trigger_inst"}]] 
set_property NAME.SELECT short [get_hw_probes tdc_decoder_top_inst/trigger_latency -of_objects [get_hw_vios -of_objects [get_hw_devices xcku035_0] -filter {CELL_NAME=~"tdc_decoder_top_inst/vio_trigger_inst"}]] 
set_property OUTPUT_VALUE_RADIX UNSIGNED [get_hw_probes tdc_decoder_top_inst/match_window -of_objects [get_hw_vios -of_objects [get_hw_devices xcku035_0] -filter {CELL_NAME=~"tdc_decoder_top_inst/vio_trigger_inst"}]]
set_property OUTPUT_VALUE_RADIX UNSIGNED [get_hw_probes tdc_decoder_top_inst/bc_offset -of_objects [get_hw_vios -of_objects [get_hw_devices xcku035_0] -filter {CELL_NAME=~"tdc_decoder_top_inst/vio_trigger_inst"}]]
set_property OUTPUT_VALUE_RADIX UNSIGNED [get_hw_probes tdc_decoder_top_inst/enable_matching -of_objects [get_hw_vios -of_objects [get_hw_devices xcku035_0] -filter {CELL_NAME=~"tdc_decoder_top_inst/vio_trigger_inst"}]]
set_property OUTPUT_VALUE_RADIX UNSIGNED [get_hw_probes tdc_decoder_top_inst/event_reset -of_objects [get_hw_vios -of_objects [get_hw_devices xcku035_0] -filter {CELL_NAME=~"tdc_decoder_top_inst/vio_trigger_inst"}]]
set_property OUTPUT_VALUE_RADIX UNSIGNED [get_hw_probes tdc_decoder_top_inst/rollover -of_objects [get_hw_vios -of_objects [get_hw_devices xcku035_0] -filter {CELL_NAME=~"tdc_decoder_top_inst/vio_trigger_inst"}]]
set_property OUTPUT_VALUE_RADIX UNSIGNED [get_hw_probes tdc_decoder_top_inst/search_margin -of_objects [get_hw_vios -of_objects [get_hw_devices xcku035_0] -filter {CELL_NAME=~"tdc_decoder_top_inst/vio_trigger_inst"}]]
set_property OUTPUT_VALUE_RADIX UNSIGNED [get_hw_probes tdc_decoder_top_inst/trigger_redge -of_objects [get_hw_vios -of_objects [get_hw_devices xcku035_0] -filter {CELL_NAME=~"tdc_decoder_top_inst/vio_trigger_inst"}]]
set_property OUTPUT_VALUE_RADIX UNSIGNED [get_hw_probes tdc_decoder_top_inst/coarse_count_offset -of_objects [get_hw_vios -of_objects [get_hw_devices xcku035_0] -filter {CELL_NAME=~"tdc_decoder_top_inst/vio_trigger_inst"}]]
set_property OUTPUT_VALUE_RADIX UNSIGNED [get_hw_probes tdc_decoder_top_inst/enable_relative_trigger_data -of_objects [get_hw_vios -of_objects [get_hw_devices xcku035_0] -filter {CELL_NAME=~"tdc_decoder_top_inst/vio_trigger_inst"}]]
set_property OUTPUT_VALUE_RADIX UNSIGNED [get_hw_probes tdc_decoder_top_inst/reject_offset -of_objects [get_hw_vios -of_objects [get_hw_devices xcku035_0] -filter {CELL_NAME=~"tdc_decoder_top_inst/vio_trigger_inst"}]]
set_property OUTPUT_VALUE_RADIX UNSIGNED [get_hw_probes tdc_decoder_top_inst/rst_160_vio -of_objects [get_hw_vios -of_objects [get_hw_devices xcku035_0] -filter {CELL_NAME=~"tdc_decoder_top_inst/vio_trigger_inst"}]]
set_property OUTPUT_VALUE_RADIX UNSIGNED [get_hw_probes tdc_decoder_top_inst/trigger_latency -of_objects [get_hw_vios -of_objects [get_hw_devices xcku035_0] -filter {CELL_NAME=~"tdc_decoder_top_inst/vio_trigger_inst"}]]
set_property OUTPUT_VALUE 4060 [get_hw_probes tdc_decoder_top_inst/coarse_count_offset -of_objects [get_hw_vios -of_objects [get_hw_devices xcku035_0] -filter {CELL_NAME=~"tdc_decoder_top_inst/vio_trigger_inst"}]]
commit_hw_vio [get_hw_probes {tdc_decoder_top_inst/coarse_count_offset} -of_objects [get_hw_vios -of_objects [get_hw_devices xcku035_0] -filter {CELL_NAME=~"tdc_decoder_top_inst/vio_trigger_inst"}]]
set_property OUTPUT_VALUE 1 [get_hw_probes tdc_decoder_top_inst/ttc_bc_reset_vio -of_objects [get_hw_vios -of_objects [get_hw_devices xcku035_0] -filter {CELL_NAME=~"tdc_decoder_top_inst/vio_40M_inst"}]]
commit_hw_vio [get_hw_probes {tdc_decoder_top_inst/ttc_bc_reset_vio} -of_objects [get_hw_vios -of_objects [get_hw_devices xcku035_0] -filter {CELL_NAME=~"tdc_decoder_top_inst/vio_40M_inst"}]]
set_property OUTPUT_VALUE 0 [get_hw_probes tdc_decoder_top_inst/ttc_bc_reset_vio -of_objects [get_hw_vios -of_objects [get_hw_devices xcku035_0] -filter {CELL_NAME=~"tdc_decoder_top_inst/vio_40M_inst"}]]
commit_hw_vio [get_hw_probes {tdc_decoder_top_inst/ttc_bc_reset_vio} -of_objects [get_hw_vios -of_objects [get_hw_devices xcku035_0] -filter {CELL_NAME=~"tdc_decoder_top_inst/vio_40M_inst"}]]
startgroup
set_property OUTPUT_VALUE 1 [get_hw_probes tdc_decoder_top_inst/ttc_bc_reset_vio -of_objects [get_hw_vios -of_objects [get_hw_devices xcku035_0] -filter {CELL_NAME=~"tdc_decoder_top_inst/vio_40M_inst"}]]
commit_hw_vio [get_hw_probes {tdc_decoder_top_inst/ttc_bc_reset_vio} -of_objects [get_hw_vios -of_objects [get_hw_devices xcku035_0] -filter {CELL_NAME=~"tdc_decoder_top_inst/vio_40M_inst"}]]
endgroup
startgroup
set_property OUTPUT_VALUE 0 [get_hw_probes tdc_decoder_top_inst/ttc_bc_reset_vio -of_objects [get_hw_vios -of_objects [get_hw_devices xcku035_0] -filter {CELL_NAME=~"tdc_decoder_top_inst/vio_40M_inst"}]]
commit_hw_vio [get_hw_probes {tdc_decoder_top_inst/ttc_bc_reset_vio} -of_objects [get_hw_vios -of_objects [get_hw_devices xcku035_0] -filter {CELL_NAME=~"tdc_decoder_top_inst/vio_40M_inst"}]]
endgroup
startgroup
set_property OUTPUT_VALUE 1 [get_hw_probes tdc_decoder_top_inst/ttc_bc_reset_vio -of_objects [get_hw_vios -of_objects [get_hw_devices xcku035_0] -filter {CELL_NAME=~"tdc_decoder_top_inst/vio_40M_inst"}]]
commit_hw_vio [get_hw_probes {tdc_decoder_top_inst/ttc_bc_reset_vio} -of_objects [get_hw_vios -of_objects [get_hw_devices xcku035_0] -filter {CELL_NAME=~"tdc_decoder_top_inst/vio_40M_inst"}]]
endgroup
startgroup
set_property OUTPUT_VALUE 0 [get_hw_probes tdc_decoder_top_inst/ttc_bc_reset_vio -of_objects [get_hw_vios -of_objects [get_hw_devices xcku035_0] -filter {CELL_NAME=~"tdc_decoder_top_inst/vio_40M_inst"}]]
commit_hw_vio [get_hw_probes {tdc_decoder_top_inst/ttc_bc_reset_vio} -of_objects [get_hw_vios -of_objects [get_hw_devices xcku035_0] -filter {CELL_NAME=~"tdc_decoder_top_inst/vio_40M_inst"}]]
endgroup
set_property OUTPUT_VALUE_RADIX BINARY [get_hw_probes tdc_decoder_top_inst/ttc_bc_reset_vio -of_objects [get_hw_vios -of_objects [get_hw_devices xcku035_0] -filter {CELL_NAME=~"tdc_decoder_top_inst/vio_40M_inst"}]]
set_property OUTPUT_VALUE_RADIX BINARY [get_hw_probes tdc_decoder_top_inst/correct_counter_th -of_objects [get_hw_vios -of_objects [get_hw_devices xcku035_0] -filter {CELL_NAME=~"tdc_decoder_top_inst/vio_40M_inst"}]]
set_property OUTPUT_VALUE_RADIX BINARY [get_hw_probes tdc_decoder_top_inst/enable_320M -of_objects [get_hw_vios -of_objects [get_hw_devices xcku035_0] -filter {CELL_NAME=~"tdc_decoder_top_inst/vio_40M_inst"}]]
set_property OUTPUT_VALUE_RADIX BINARY [get_hw_probes tdc_decoder_top_inst/enable_K28_1 -of_objects [get_hw_vios -of_objects [get_hw_devices xcku035_0] -filter {CELL_NAME=~"tdc_decoder_top_inst/vio_40M_inst"}]]
set_property OUTPUT_VALUE_RADIX BINARY [get_hw_probes tdc_decoder_top_inst/global_rst -of_objects [get_hw_vios -of_objects [get_hw_devices xcku035_0] -filter {CELL_NAME=~"tdc_decoder_top_inst/vio_40M_inst"}]]
set_property OUTPUT_VALUE_RADIX BINARY [get_hw_probes tdc_decoder_top_inst/ttc_event_reset_vio -of_objects [get_hw_vios -of_objects [get_hw_devices xcku035_0] -filter {CELL_NAME=~"tdc_decoder_top_inst/vio_40M_inst"}]]
set_property OUTPUT_VALUE_RADIX BINARY [get_hw_probes tdc_decoder_top_inst/ttc_master_reset_vio -of_objects [get_hw_vios -of_objects [get_hw_devices xcku035_0] -filter {CELL_NAME=~"tdc_decoder_top_inst/vio_40M_inst"}]]
set_property INPUT_VALUE_RADIX BINARY [get_hw_probes tdc_decoder_top_inst/locked_dline0 -of_objects [get_hw_vios -of_objects [get_hw_devices xcku035_0] -filter {CELL_NAME=~"tdc_decoder_top_inst/vio_40M_inst"}]]
set_property INPUT_VALUE_RADIX BINARY [get_hw_probes tdc_decoder_top_inst/locked_dline1 -of_objects [get_hw_vios -of_objects [get_hw_devices xcku035_0] -filter {CELL_NAME=~"tdc_decoder_top_inst/vio_40M_inst"}]]
set_property OUTPUT_VALUE 4070 [get_hw_probes tdc_decoder_top_inst/coarse_count_offset -of_objects [get_hw_vios -of_objects [get_hw_devices xcku035_0] -filter {CELL_NAME=~"tdc_decoder_top_inst/vio_trigger_inst"}]]
commit_hw_vio [get_hw_probes {tdc_decoder_top_inst/coarse_count_offset} -of_objects [get_hw_vios -of_objects [get_hw_devices xcku035_0] -filter {CELL_NAME=~"tdc_decoder_top_inst/vio_trigger_inst"}]]
startgroup
set_property OUTPUT_VALUE 1 [get_hw_probes tdc_decoder_top_inst/ttc_bc_reset_vio -of_objects [get_hw_vios -of_objects [get_hw_devices xcku035_0] -filter {CELL_NAME=~"tdc_decoder_top_inst/vio_40M_inst"}]]
commit_hw_vio [get_hw_probes {tdc_decoder_top_inst/ttc_bc_reset_vio} -of_objects [get_hw_vios -of_objects [get_hw_devices xcku035_0] -filter {CELL_NAME=~"tdc_decoder_top_inst/vio_40M_inst"}]]
endgroup
startgroup
set_property OUTPUT_VALUE 0 [get_hw_probes tdc_decoder_top_inst/ttc_bc_reset_vio -of_objects [get_hw_vios -of_objects [get_hw_devices xcku035_0] -filter {CELL_NAME=~"tdc_decoder_top_inst/vio_40M_inst"}]]
commit_hw_vio [get_hw_probes {tdc_decoder_top_inst/ttc_bc_reset_vio} -of_objects [get_hw_vios -of_objects [get_hw_devices xcku035_0] -filter {CELL_NAME=~"tdc_decoder_top_inst/vio_40M_inst"}]]
endgroup
startgroup
set_property OUTPUT_VALUE 1 [get_hw_probes tdc_decoder_top_inst/ttc_bc_reset_vio -of_objects [get_hw_vios -of_objects [get_hw_devices xcku035_0] -filter {CELL_NAME=~"tdc_decoder_top_inst/vio_40M_inst"}]]
commit_hw_vio [get_hw_probes {tdc_decoder_top_inst/ttc_bc_reset_vio} -of_objects [get_hw_vios -of_objects [get_hw_devices xcku035_0] -filter {CELL_NAME=~"tdc_decoder_top_inst/vio_40M_inst"}]]
endgroup
startgroup
set_property OUTPUT_VALUE 0 [get_hw_probes tdc_decoder_top_inst/ttc_bc_reset_vio -of_objects [get_hw_vios -of_objects [get_hw_devices xcku035_0] -filter {CELL_NAME=~"tdc_decoder_top_inst/vio_40M_inst"}]]
commit_hw_vio [get_hw_probes {tdc_decoder_top_inst/ttc_bc_reset_vio} -of_objects [get_hw_vios -of_objects [get_hw_devices xcku035_0] -filter {CELL_NAME=~"tdc_decoder_top_inst/vio_40M_inst"}]]
endgroup
set_property OUTPUT_VALUE_RADIX UNSIGNED [get_hw_probes tdc_decoder_top_inst/correct_counter_th -of_objects [get_hw_vios -of_objects [get_hw_devices xcku035_0] -filter {CELL_NAME=~"tdc_decoder_top_inst/vio_40M_inst"}]]
