#-----------------------------------------------------------
# Vivado Lab Edition v2019.2 (64-bit)
# SW Build 2708876 on Wed Nov  6 21:39:14 MST 2019
# 
# Start of session at: Thu Sep 28 12:36:59 2023
# Process ID: 11373
# Current directory: /home/muonuser/gitfolder/phase2_MiniDAQ_Robert
# Command line: vivado_lab
# Log file: /home/muonuser/gitfolder/phase2_MiniDAQ_Robert/vivado_lab.log
# Journal file: /home/muonuser/gitfolder/phase2_MiniDAQ_Robert/vivado_lab.jou
#-----------------------------------------------------------
start_gui
open_hw_manager
connect_hw_server -url localhost:3121 -allow_non_jtag
current_hw_target [get_hw_targets */xilinx_tcf/Xilinx/000017def52c01]
set_property PARAM.FREQUENCY 3000000 [get_hw_targets */xilinx_tcf/Xilinx/000017def52c01]
open_hw_target
current_hw_device [get_hw_devices xc7a35t_0]
refresh_hw_device -update_hw_probes false [lindex [get_hw_devices xc7a35t_0] 0]
set_property PROBES.FILE {/home/muonuser/gitfolder/phase2_MiniDAQ_Robert/lpGBT_CSM/firmware/lpgbtcsm_fpga_top_18mezz.ltx} [get_hw_devices xc7a35t_0]
set_property FULL_PROBES.FILE {/home/muonuser/gitfolder/phase2_MiniDAQ_Robert/lpGBT_CSM/firmware/lpgbtcsm_fpga_top_18mezz.ltx} [get_hw_devices xc7a35t_0]
refresh_hw_device [lindex [get_hw_devices xc7a35t_0] 0]
display_hw_ila_data [ get_hw_ila_data hw_ila_data_1 -of_objects [get_hw_ilas -of_objects [get_hw_devices xc7a35t_0] -filter {CELL_NAME=~"ila_top_inst"}]]
display_hw_ila_data [ get_hw_ila_data hw_ila_data_2 -of_objects [get_hw_ilas -of_objects [get_hw_devices xc7a35t_0] -filter {CELL_NAME=~"inst_JTAG_master/ila_jtag_master_inst"}]]
display_hw_ila_data [ get_hw_ila_data hw_ila_data_3 -of_objects [get_hw_ilas -of_objects [get_hw_devices xc7a35t_0] -filter {CELL_NAME=~"inst_Mezz_config/ila_config_mezz_inst"}]]
source /home/muonuser/gitfolder/phase2_MiniDAQ_Robert/config_tcl/b0_xc7a_triggerless_320.tcl
source /home/muonuser/gitfolder/phase2_MiniDAQ_Robert/config_tcl/b2_xc7a_triggerless_320.tcl
set_property PROBES.FILE {/home/muonuser/gitfolder/phase2_MiniDAQ_Robert/lpGBT_CSM/firmware/lpgbtcsm_fpga_top_18mezz.ltx} [get_hw_devices xc7a35t_0]
set_property FULL_PROBES.FILE {/home/muonuser/gitfolder/phase2_MiniDAQ_Robert/lpGBT_CSM/firmware/lpgbtcsm_fpga_top_18mezz.ltx} [get_hw_devices xc7a35t_0]
set_property PROGRAM.FILE {/home/muonuser/gitfolder/phase2_MiniDAQ_Robert/lpGBT_CSM/firmware/lpgbtcsm_fpga_top_18mezz.bit} [get_hw_devices xc7a35t_0]
program_hw_devices [get_hw_devices xc7a35t_0]
set_property PROBES.FILE {/home/muonuser/gitfolder/phase2_MiniDAQ_Robert/lpGBT_CSM/firmware/lpgbtcsm_fpga_top_18mezz.ltx} [get_hw_devices xc7a35t_0]
set_property FULL_PROBES.FILE {/home/muonuser/gitfolder/phase2_MiniDAQ_Robert/lpGBT_CSM/firmware/lpgbtcsm_fpga_top_18mezz.ltx} [get_hw_devices xc7a35t_0]
set_property PROGRAM.FILE {/home/muonuser/gitfolder/phase2_MiniDAQ_Robert/lpGBT_CSM/firmware/lpgbtcsm_fpga_top_18mezz.bit} [get_hw_devices xc7a35t_0]
program_hw_devices [get_hw_devices xc7a35t_0]
refresh_hw_device [lindex [get_hw_devices xc7a35t_0] 0]
commit_hw_vio [get_hw_vios -of_objects [get_hw_devices xc7a35t_0] -filter {CELL_NAME=~"config_loop_inst/vio_loop_config_inst"}]\
  [get_hw_vios -of_objects [get_hw_devices xc7a35t_0] -filter {CELL_NAME=~"inst_Mezz_config/inst_mezz_config_vio/vio_asd_setup_inst"}]\
  [get_hw_vios -of_objects [get_hw_devices xc7a35t_0] -filter {CELL_NAME=~"inst_Mezz_config/inst_mezz_config_vio/vio_control0_inst"}]\
  [get_hw_vios -of_objects [get_hw_devices xc7a35t_0] -filter {CELL_NAME=~"inst_Mezz_config/inst_mezz_config_vio/vio_control1_inst"}]\
  [get_hw_vios -of_objects [get_hw_devices xc7a35t_0] -filter {CELL_NAME=~"inst_Mezz_config/inst_mezz_config_vio/vio_setup0_inst"}]\
  [get_hw_vios -of_objects [get_hw_devices xc7a35t_0] -filter {CELL_NAME=~"inst_Mezz_config/inst_mezz_config_vio/vio_setup1_inst"}]\
  [get_hw_vios -of_objects [get_hw_devices xc7a35t_0] -filter {CELL_NAME=~"inst_Mezz_config/inst_mezz_config_vio/vio_setup2_inst"}]\
  [get_hw_vios -of_objects [get_hw_devices xc7a35t_0] -filter {CELL_NAME=~"vio_top_inst"}]
source /home/muonuser/gitfolder/phase2_MiniDAQ_Robert/config_tcl/b0_xc7a_triggerless_320.tcl
source /home/muonuser/gitfolder/phase2_MiniDAQ_Robert/config_tcl/b2_xc7a_triggerless_320.tcl
startgroup
set_property OUTPUT_VALUE 1 [get_hw_probes ASD_config -of_objects [get_hw_vios -of_objects [get_hw_devices xc7a35t_0] -filter {CELL_NAME=~"vio_top_inst"}]]
commit_hw_vio [get_hw_probes {ASD_config} -of_objects [get_hw_vios -of_objects [get_hw_devices xc7a35t_0] -filter {CELL_NAME=~"vio_top_inst"}]]
endgroup
startgroup
set_property OUTPUT_VALUE 0 [get_hw_probes ASD_config -of_objects [get_hw_vios -of_objects [get_hw_devices xc7a35t_0] -filter {CELL_NAME=~"vio_top_inst"}]]
commit_hw_vio [get_hw_probes {ASD_config} -of_objects [get_hw_vios -of_objects [get_hw_devices xc7a35t_0] -filter {CELL_NAME=~"vio_top_inst"}]]
endgroup
